[1m[92m    Blocking[0m waiting for file lock on package cache
[1m[92m   Compiling[0m tauri-utils v2.9.2
[1m[92m   Compiling[0m objc2-foundation v0.3.2
[1m[92m   Compiling[0m aws-smithy-http-client v1.1.13
[1m[92m   Compiling[0m serde_with v3.18.0
[1m[92m   Compiling[0m png v0.18.1
[1m[92m   Compiling[0m keyboard-types v0.7.0
[1m[92m   Compiling[0m xmlparser v0.13.6
[1m[92m   Compiling[0m serialize-to-javascript v0.1.2
[1m[92m   Compiling[0m getrandom v0.3.4
[1m[92m   Compiling[0m crc32c v0.6.8
[1m[92m   Compiling[0m serde_repr v0.1.20
[1m[92m   Compiling[0m ahash v0.8.12
[1m[92m   Compiling[0m allocator-api2 v0.2.21
[1m[92m   Compiling[0m mime v0.3.17
[1m[92m   Compiling[0m aws-smithy-xml v0.60.15
[1m[92m   Compiling[0m foldhash v0.1.5
[1m[92m   Compiling[0m arrayvec v0.7.6
[1m[92m   Compiling[0m embed_plist v1.2.2
[1m[92m   Compiling[0m hashbrown v0.15.5
[1m[92m   Compiling[0m anstream v1.0.0
[1m[92m   Compiling[0m rust_decimal v1.41.0
[1m[92m   Compiling[0m nix v0.30.1
[1m[92m   Compiling[0m rustix v1.1.4
[1m[92m   Compiling[0m sha1 v0.10.6
[1m[92m   Compiling[0m aws-smithy-runtime v1.11.3
[1m[92m   Compiling[0m md-5 v0.10.6
[1m[92m   Compiling[0m aws-smithy-json v0.60.7
[1m[92m   Compiling[0m aws-smithy-json v0.61.9
[1m[92m   Compiling[0m clap_lex v1.1.0
[1m[92m   Compiling[0m utf8-width v0.1.8
[1m[92m   Compiling[0m byte-unit v5.2.0
[1m[92m   Compiling[0m clap_builder v4.6.0
[1m[92m   Compiling[0m aws-smithy-checksums v0.60.13
[1m[92m   Compiling[0m lru v0.12.5
[1m[92m   Compiling[0m gethostname v1.1.0
[1m[92m   Compiling[0m clap_derive v4.6.1
[1m[92m   Compiling[0m fern v0.7.1
[1m[92m   Compiling[0m byteport-transport v0.1.0 (/Users/kooshapari/CodeProjects/Phenotype/repos/BytePort/crates/byteport-transport)
[1m[92m   Compiling[0m mockall_derive v0.13.1
[1m[92m   Compiling[0m urlencoding v2.1.3
[1m[92m   Compiling[0m sys-locale v0.3.2
[1m[92m   Compiling[0m predicates-core v1.0.10
[1m[92m   Compiling[0m aws-smithy-query v0.60.15
[1m[92m   Compiling[0m async-trait v0.1.89
[1m[92m   Compiling[0m termtree v0.5.1
[1m[92m   Compiling[0m predicates-tree v1.0.13
[1m[92m   Compiling[0m predicates v3.1.4
[1m[92m   Compiling[0m fragile v2.1.0
[1m[92m   Compiling[0m downcast v0.11.0
[1m[92m   Compiling[0m aws-runtime v1.7.5
[1m[92m   Compiling[0m clap v4.6.1
[1m[92m   Compiling[0m mockall v0.13.1
[1m[92m   Compiling[0m aws-sdk-s3 v1.30.0
[1m[92m   Compiling[0m aws-sdk-ssooidc v1.51.0
[1m[92m   Compiling[0m aws-sdk-sts v1.51.0
[1m[92m   Compiling[0m aws-sdk-sso v1.50.0
[1m[91merror[0m: could not compile `aws-sdk-s3` (lib)

Caused by:
  process didn't exit successfully: `rustc --crate-name aws_sdk_s3 --edition=2021 /Users/kooshapari/.cargo/registry/src/index.crates.io-1949cf8c6b5b557f/aws-sdk-s3-1.30.0/src/lib.rs --error-format=json --json=diagnostic-rendered-ansi,artifacts,future-incompat --crate-type lib --emit=dep-info,metadata,link -C embed-bitcode=no -C debuginfo=2 -C split-debuginfo=unpacked --cfg 'feature="behavior-version-latest"' --cfg 'feature="default"' --cfg 'feature="rt-tokio"' --cfg 'feature="rustls"' --cfg 'feature="sigv4a"' --check-cfg 'cfg(docsrs,test)' --check-cfg 'cfg(feature, values("behavior-version-latest", "default", "rt-tokio", "rustls", "sigv4a", "test-util"))' -C metadata=13081cc3469b8d43 -C extra-filename=-13b8dd78ae740bfe --out-dir /Users/kooshapari/CodeProjects/Phenotype/repos/BytePort/target/debug/deps -L dependency=/Users/kooshapari/CodeProjects/Phenotype/repos/BytePort/target/debug/deps --extern ahash=/Users/kooshapari/CodeProjects/Phenotype/repos/BytePort/target/debug/deps/libahash-61c5dff39fc5e600.rmeta --extern aws_credential_types=/Users/kooshapari/CodeProjects/Phenotype/repos/BytePort/target/debug/deps/libaws_credential_types-ce61607181664ea5.rmeta --extern aws_runtime=/Users/kooshapari/CodeProjects/Phenotype/repos/BytePort/target/debug/deps/libaws_runtime-51fa58baa99baa1b.rmeta --extern aws_sigv4=/Users/kooshapari/CodeProjects/Phenotype/repos/BytePort/target/debug/deps/libaws_sigv4-799bfc5b4d757b9b.rmeta --extern aws_smithy_async=/Users/kooshapari/CodeProjects/Phenotype/repos/BytePort/target/debug/deps/libaws_smithy_async-ca0b4be967123790.rmeta --extern aws_smithy_checksums=/Users/kooshapari/CodeProjects/Phenotype/repos/BytePort/target/debug/deps/libaws_smithy_checksums-a3c82dce3447fe8f.rmeta --extern aws_smithy_eventstream=/Users/kooshapari/CodeProjects/Phenotype/repos/BytePort/target/debug/deps/libaws_smithy_eventstream-c287c1bbb1049278.rmeta --extern aws_smithy_http=/Users/kooshapari/CodeProjects/Phenotype/repos/BytePort/target/debug/deps/libaws_smithy_http-5ff6e2988191259f.rmeta --extern aws_smithy_json=/Users/kooshapari/CodeProjects/Phenotype/repos/BytePort/target/debug/deps/libaws_smithy_json-d36978a2d36ef36e.rmeta --extern aws_smithy_runtime=/Users/kooshapari/CodeProjects/Phenotype/repos/BytePort/target/debug/deps/libaws_smithy_runtime-f88268f4404dfa2e.rmeta --extern aws_smithy_runtime_api=/Users/kooshapari/CodeProjects/Phenotype/repos/BytePort/target/debug/deps/libaws_smithy_runtime_api-6aa1c7964fb2a3fb.rmeta --extern aws_smithy_types=/Users/kooshapari/CodeProjects/Phenotype/repos/BytePort/target/debug/deps/libaws_smithy_types-b9dd108cf896d7b5.rmeta --extern aws_smithy_xml=/Users/kooshapari/CodeProjects/Phenotype/repos/BytePort/target/debug/deps/libaws_smithy_xml-a5f6e497b929f88e.rmeta --extern aws_types=/Users/kooshapari/CodeProjects/Phenotype/repos/BytePort/target/debug/deps/libaws_types-a9d254a80a445e16.rmeta --extern bytes=/Users/kooshapari/CodeProjects/Phenotype/repos/BytePort/target/debug/deps/libbytes-9a9e3a6b11620b8a.rmeta --extern fastrand=/Users/kooshapari/CodeProjects/Phenotype/repos/BytePort/target/debug/deps/libfastrand-aeb3d63db850f9ba.rmeta --extern hex=/Users/kooshapari/CodeProjects/Phenotype/repos/BytePort/target/debug/deps/libhex-8a9d20166bb18879.rmeta --extern hmac=/Users/kooshapari/CodeProjects/Phenotype/repos/BytePort/target/debug/deps/libhmac-769da14f3bf16bd6.rmeta --extern http=/Users/kooshapari/CodeProjects/Phenotype/repos/BytePort/target/debug/deps/libhttp-a10794077f34cd27.rmeta --extern http_body=/Users/kooshapari/CodeProjects/Phenotype/repos/BytePort/target/debug/deps/libhttp_body-51f2d297b2e1c03c.rmeta --extern lru=/Users/kooshapari/CodeProjects/Phenotype/repos/BytePort/target/debug/deps/liblru-ffe7fc072f2f77d3.rmeta --extern once_cell=/Users/kooshapari/CodeProjects/Phenotype/repos/BytePort/target/debug/deps/libonce_cell-f14a154784cf2cdb.rmeta --extern percent_encoding=/Users/kooshapari/CodeProjects/Phenotype/repos/BytePort/target/debug/deps/libpercent_encoding-6c11b9209cfd023d.rmeta --extern regex_lite=/Users/kooshapari/CodeProjects/Phenotype/repos/BytePort/target/debug/deps/libregex_lite-199f4a3fadc2fce0.rmeta --extern sha2=/Users/kooshapari/CodeProjects/Phenotype/repos/BytePort/target/debug/deps/libsha2-026e1d18d15d2e5d.rmeta --extern tracing=/Users/kooshapari/CodeProjects/Phenotype/repos/BytePort/target/debug/deps/libtracing-0d25da85db1bd7c2.rmeta --extern url=/Users/kooshapari/CodeProjects/Phenotype/repos/BytePort/target/debug/deps/liburl-2ca22af606bbb586.rmeta --cap-lints allow -L native=/Users/kooshapari/CodeProjects/Phenotype/repos/BytePort/target/debug/build/ring-5548331058d12e73/out` (signal: 9, SIGKILL: kill)
[1m[33mwarning[0m: build failed, waiting for other jobs to finish...
[1m[91merror[0m: could not compile `objc2-foundation` (lib)

Caused by:
  process didn't exit successfully: `rustc --crate-name objc2_foundation --edition=2021 /Users/kooshapari/.cargo/registry/src/index.crates.io-1949cf8c6b5b557f/objc2-foundation-0.3.2/src/lib.rs --error-format=json --json=diagnostic-rendered-ansi,artifacts,future-incompat --crate-type lib --emit=dep-info,metadata,link -C embed-bitcode=no -C debuginfo=2 -C split-debuginfo=unpacked '--warn=clippy::cargo' --deny=unsafe_op_in_unsafe_fn --warn=unreachable_pub '--allow=clippy::redundant_feature_names' '--warn=clippy::ptr_as_ptr' --deny=non_ascii_idents --warn=missing_copy_implementations --warn=elided_lifetimes_in_paths --cfg 'feature="FoundationErrors"' --cfg 'feature="FoundationLegacySwiftCompatibility"' --cfg 'feature="NSAffineTransform"' --cfg 'feature="NSAppleEventDescriptor"' --cfg 'feature="NSAppleEventManager"' --cfg 'feature="NSAppleScript"' --cfg 'feature="NSArchiver"' --cfg 'feature="NSArray"' --cfg 'feature="NSAttributedString"' --cfg 'feature="NSAutoreleasePool"' --cfg 'feature="NSBackgroundActivityScheduler"' --cfg 'feature="NSBundle"' --cfg 'feature="NSByteCountFormatter"' --cfg 'feature="NSByteOrder"' --cfg 'feature="NSCache"' --cfg 'feature="NSCalendar"' --cfg 'feature="NSCalendarDate"' --cfg 'feature="NSCharacterSet"' --cfg 'feature="NSClassDescription"' --cfg 'feature="NSCoder"' --cfg 'feature="NSComparisonPredicate"' --cfg 'feature="NSCompoundPredicate"' --cfg 'feature="NSConnection"' --cfg 'feature="NSData"' --cfg 'feature="NSDate"' --cfg 'feature="NSDateComponentsFormatter"' --cfg 'feature="NSDateFormatter"' --cfg 'feature="NSDateInterval"' --cfg 'feature="NSDateIntervalFormatter"' --cfg 'feature="NSDebug"' --cfg 'feature="NSDecimal"' --cfg 'feature="NSDecimalNumber"' --cfg 'feature="NSDictionary"' --cfg 'feature="NSDistantObject"' --cfg 'feature="NSDistributedLock"' --cfg 'feature="NSDistributedNotificationCenter"' --cfg 'feature="NSEnergyFormatter"' --cfg 'feature="NSEnumerator"' --cfg 'feature="NSError"' --cfg 'feature="NSException"' --cfg 'feature="NSExpression"' --cfg 'feature="NSExtensionContext"' --cfg 'feature="NSExtensionItem"' --cfg 'feature="NSExtensionRequestHandling"' --cfg 'feature="NSFileCoordinator"' --cfg 'feature="NSFileHandle"' --cfg 'feature="NSFileManager"' --cfg 'feature="NSFilePresenter"' --cfg 'feature="NSFileVersion"' --cfg 'feature="NSFileWrapper"' --cfg 'feature="NSFormatter"' --cfg 'feature="NSGarbageCollector"' --cfg 'feature="NSGeometry"' --cfg 'feature="NSHFSFileTypes"' --cfg 'feature="NSHTTPCookie"' --cfg 'feature="NSHTTPCookieStorage"' --cfg 'feature="NSHashTable"' --cfg 'feature="NSHost"' --cfg 'feature="NSISO8601DateFormatter"' --cfg 'feature="NSIndexPath"' --cfg 'feature="NSIndexSet"' --cfg 'feature="NSInflectionRule"' --cfg 'feature="NSInvocation"' --cfg 'feature="NSItemProvider"' --cfg 'feature="NSJSONSerialization"' --cfg 'feature="NSKeyValueCoding"' --cfg 'feature="NSKeyValueObserving"' --cfg 'feature="NSKeyValueSharedObservers"' --cfg 'feature="NSKeyedArchiver"' --cfg 'feature="NSLengthFormatter"' --cfg 'feature="NSLinguisticTagger"' --cfg 'feature="NSListFormatter"' --cfg 'feature="NSLocale"' --cfg 'feature="NSLocalizedNumberFormatRule"' --cfg 'feature="NSLock"' --cfg 'feature="NSMapTable"' --cfg 'feature="NSMassFormatter"' --cfg 'feature="NSMeasurement"' --cfg 'feature="NSMeasurementFormatter"' --cfg 'feature="NSMetadata"' --cfg 'feature="NSMetadataAttributes"' --cfg 'feature="NSMethodSignature"' --cfg 'feature="NSMorphology"' --cfg 'feature="NSNetServices"' --cfg 'feature="NSNotification"' --cfg 'feature="NSNotificationQueue"' --cfg 'feature="NSNull"' --cfg 'feature="NSNumberFormatter"' --cfg 'feature="NSObjCRuntime"' --cfg 'feature="NSObject"' --cfg 'feature="NSObjectScripting"' --cfg 'feature="NSOperation"' --cfg 'feature="NSOrderedCollectionChange"' --cfg 'feature="NSOrderedCollectionDifference"' --cfg 'feature="NSOrderedSet"' --cfg 'feature="NSOrthography"' --cfg 'feature="NSPathUtilities"' --cfg 'feature="NSPersonNameComponents"' --cfg 'feature="NSPersonNameComponentsFormatter"' --cfg 'feature="NSPointerArray"' --cfg 'feature="NSPointerFunctions"' --cfg 'feature="NSPort"' --cfg 'feature="NSPortCoder"' --cfg 'feature="NSPortMessage"' --cfg 'feature="NSPortNameServer"' --cfg 'feature="NSPredicate"' --cfg 'feature="NSProcessInfo"' --cfg 'feature="NSProgress"' --cfg 'feature="NSPropertyList"' --cfg 'feature="NSProtocolChecker"' --cfg 'feature="NSProxy"' --cfg 'feature="NSRange"' --cfg 'feature="NSRegularExpression"' --cfg 'feature="NSRelativeDateTimeFormatter"' --cfg 'feature="NSRunLoop"' --cfg 'feature="NSScanner"' --cfg 'feature="NSScriptClassDescription"' --cfg 'feature="NSScriptCoercionHandler"' --cfg 'feature="NSScriptCommand"' --cfg 'feature="NSScriptCommandDescription"' --cfg 'feature="NSScriptExecutionContext"' --cfg 'feature="NSScriptKeyValueCoding"' --cfg 'feature="NSScriptObjectSpecifiers"' --cfg 'feature="NSScriptStandardSuiteCommands"' --cfg 'feature="NSScriptSuiteRegistry"' --cfg 'feature="NSScriptWhoseTests"' --cfg 'feature="NSSet"' --cfg 'feature="NSSortDescriptor"' --cfg 'feature="NSSpellServer"' --cfg 'feature="NSStream"' --cfg 'feature="NSString"' --cfg 'feature="NSTask"' --cfg 'feature="NSTermOfAddress"' --cfg 'feature="NSTextCheckingResult"' --cfg 'feature="NSThread"' --cfg 'feature="NSTimeZone"' --cfg 'feature="NSTimer"' --cfg 'feature="NSURL"' --cfg 'feature="NSURLAuthenticationChallenge"' --cfg 'feature="NSURLCache"' --cfg 'feature="NSURLConnection"' --cfg 'feature="NSURLCredential"' --cfg 'feature="NSURLCredentialStorage"' --cfg 'feature="NSURLDownload"' --cfg 'feature="NSURLError"' --cfg 'feature="NSURLHandle"' --cfg 'feature="NSURLProtectionSpace"' --cfg 'feature="NSURLProtocol"' --cfg 'feature="NSURLRequest"' --cfg 'feature="NSURLResponse"' --cfg 'feature="NSURLSession"' --cfg 'feature="NSUUID"' --cfg 'feature="NSUbiquitousKeyValueStore"' --cfg 'feature="NSUndoManager"' --cfg 'feature="NSUnit"' --cfg 'feature="NSUserActivity"' --cfg 'feature="NSUserDefaults"' --cfg 'feature="NSUserNotification"' --cfg 'feature="NSUserScriptTask"' --cfg 'feature="NSValue"' --cfg 'feature="NSValueTransformer"' --cfg 'feature="NSXMLDTD"' --cfg 'feature="NSXMLDTDNode"' --cfg 'feature="NSXMLDocument"' --cfg 'feature="NSXMLElement"' --cfg 'feature="NSXMLNode"' --cfg 'feature="NSXMLNodeOptions"' --cfg 'feature="NSXMLParser"' --cfg 'feature="NSXPCConnection"' --cfg 'feature="NSZone"' --cfg 'feature="alloc"' --cfg 'feature="bitflags"' --cfg 'feature="block2"' --cfg 'feature="default"' --cfg 'feature="libc"' --cfg 'feature="objc2-core-foundation"' --cfg 'feature="std"' --check-cfg 'cfg(docsrs,test)' --check-cfg 'cfg(feature, values("FoundationErrors", "FoundationLegacySwiftCompatibility", "NSAffineTransform", "NSAppleEventDescriptor", "NSAppleEventManager", "NSAppleScript", "NSArchiver", "NSArray", "NSAttributedString", "NSAutoreleasePool", "NSBackgroundActivityScheduler", "NSBundle", "NSByteCountFormatter", "NSByteOrder", "NSCache", "NSCalendar", "NSCalendarDate", "NSCharacterSet", "NSClassDescription", "NSCoder", "NSComparisonPredicate", "NSCompoundPredicate", "NSConnection", "NSData", "NSDate", "NSDateComponentsFormatter", "NSDateFormatter", "NSDateInterval", "NSDateIntervalFormatter", "NSDebug", "NSDecimal", "NSDecimalNumber", "NSDictionary", "NSDistantObject", "NSDistributedLock", "NSDistributedNotificationCenter", "NSEnergyFormatter", "NSEnumerator", "NSError", "NSException", "NSExpression", "NSExtensionContext", "NSExtensionItem", "NSExtensionRequestHandling", "NSFileCoordinator", "NSFileHandle", "NSFileManager", "NSFilePresenter", "NSFileVersion", "NSFileWrapper", "NSFormatter", "NSGarbageCollector", "NSGeometry", "NSHFSFileTypes", "NSHTTPCookie", "NSHTTPCookieStorage", "NSHashTable", "NSHost", "NSISO8601DateFormatter", "NSIndexPath", "NSIndexSet", "NSInflectionRule", "NSInvocation", "NSItemProvider", "NSJSONSerialization", "NSKeyValueCoding", "NSKeyValueObserving", "NSKeyValueSharedObservers", "NSKeyedArchiver", "NSLengthFormatter", "NSLinguisticTagger", "NSListFormatter", "NSLocale", "NSLocalizedNumberFormatRule", "NSLock", "NSMapTable", "NSMassFormatter", "NSMeasurement", "NSMeasurementFormatter", "NSMetadata", "NSMetadataAttributes", "NSMethodSignature", "NSMorphology", "NSNetServices", "NSNotification", "NSNotificationQueue", "NSNull", "NSNumberFormatter", "NSObjCRuntime", "NSObject", "NSObjectScripting", "NSOperation", "NSOrderedCollectionChange", "NSOrderedCollectionDifference", "NSOrderedSet", "NSOrthography", "NSPathUtilities", "NSPersonNameComponents", "NSPersonNameComponentsFormatter", "NSPointerArray", "NSPointerFunctions", "NSPort", "NSPortCoder", "NSPortMessage", "NSPortNameServer", "NSPredicate", "NSProcessInfo", "NSProgress", "NSPropertyList", "NSProtocolChecker", "NSProxy", "NSRange", "NSRegularExpression", "NSRelativeDateTimeFormatter", "NSRunLoop", "NSScanner", "NSScriptClassDescription", "NSScriptCoercionHandler", "NSScriptCommand", "NSScriptCommandDescription", "NSScriptExecutionContext", "NSScriptKeyValueCoding", "NSScriptObjectSpecifiers", "NSScriptStandardSuiteCommands", "NSScriptSuiteRegistry", "NSScriptWhoseTests", "NSSet", "NSSortDescriptor", "NSSpellServer", "NSStream", "NSString", "NSTask", "NSTermOfAddress", "NSTextCheckingResult", "NSThread", "NSTimeZone", "NSTimer", "NSURL", "NSURLAuthenticationChallenge", "NSURLCache", "NSURLConnection", "NSURLCredential", "NSURLCredentialStorage", "NSURLDownload", "NSURLError", "NSURLHandle", "NSURLProtectionSpace", "NSURLProtocol", "NSURLRequest", "NSURLResponse", "NSURLSession", "NSUUID", "NSUbiquitousKeyValueStore", "NSUndoManager", "NSUnit", "NSUserActivity", "NSUserDefaults", "NSUserNotification", "NSUserScriptTask", "NSValue", "NSValueTransformer", "NSXMLDTD", "NSXMLDTDNode", "NSXMLDocument", "NSXMLElement", "NSXMLNode", "NSXMLNodeOptions", "NSXMLParser", "NSXPCConnection", "NSZone", "alloc", "bitflags", "block2", "default", "gnustep-1-7", "gnustep-1-8", "gnustep-1-9", "gnustep-2-0", "gnustep-2-1", "libc", "objc2-core-foundation", "objc2-core-services", "std", "unstable-darwin-objc", "unstable-mutation-return-null", "unstable-static-nsstring"))' -C metadata=a5db74a9af9ff1d0 -C extra-filename=-a3b1b9278aa941b0 --out-dir /Users/kooshapari/CodeProjects/Phenotype/repos/BytePort/target/debug/deps -L dependency=/Users/kooshapari/CodeProjects/Phenotype/repos/BytePort/target/debug/deps --extern bitflags=/Users/kooshapari/CodeProjects/Phenotype/repos/BytePort/target/debug/deps/libbitflags-8e7f232711e65395.rmeta --extern block2=/Users/kooshapari/CodeProjects/Phenotype/repos/BytePort/target/debug/deps/libblock2-6ab4342eb2117ad1.rmeta --extern libc=/Users/kooshapari/CodeProjects/Phenotype/repos/BytePort/target/debug/deps/liblibc-8abd674044b5db98.rmeta --extern objc2=/Users/kooshapari/CodeProjects/Phenotype/repos/BytePort/target/debug/deps/libobjc2-a8039253144da728.rmeta --extern objc2_core_foundation=/Users/kooshapari/CodeProjects/Phenotype/repos/BytePort/target/debug/deps/libobjc2_core_foundation-8d24a16b4d861a46.rmeta --cap-lints allow -L native=/Users/kooshapari/CodeProjects/Phenotype/repos/BytePort/target/debug/build/objc2-exception-helper-9fdb4b36dc76b344/out` (signal: 9, SIGKILL: kill)
