[1m[33mwarning[0m: /Users/kooshapari/CodeProjects/Phenotype/repos/AgilePlus/Cargo.toml: only one of `license` or `license-file` is necessary
`license` should be used if the package license can be expressed with a standard SPDX expression.
`license-file` should be used if the package uses a non-standard license.
See https://doc.rust-lang.org/cargo/reference/manifest.html#the-license-and-license-file-fields for more information.
[1m[92m    Blocking[0m waiting for file lock on package cache
[1m[92m    Blocking[0m waiting for file lock on artifact directory
[1m[92m   Compiling[0m serde_core v1.0.228
[1m[92m   Compiling[0m memchr v2.8.2
[1m[92m   Compiling[0m futures-sink v0.3.32
[1m[92m   Compiling[0m num-traits v0.2.19
[1m[92m   Compiling[0m log v0.4.32
[1m[92m   Compiling[0m serde v1.0.228
[1m[92m   Compiling[0m futures-io v0.3.32
[1m[92m   Compiling[0m http v1.4.2
[1m[92m   Compiling[0m smallvec v1.15.2
[1m[92m   Compiling[0m regex-automata v0.4.14
[1m[92m   Compiling[0m futures-channel v0.3.32
[1m[92m   Compiling[0m unicode-segmentation v1.13.3
[1m[92m   Compiling[0m tokio v1.52.3
[1m[92m   Compiling[0m tracing v0.1.44
[1m[92m   Compiling[0m futures-util v0.3.32
[1m[92m   Compiling[0m bitflags v2.13.0
[1m[92m   Compiling[0m rustix v1.1.4
[1m[92m   Compiling[0m aho-corasick v1.1.4
[1m[92m   Compiling[0m serde_json v1.0.150
[1m[92m   Compiling[0m errno v0.3.14
[1m[92m   Compiling[0m convert_case v0.10.0
[1m[92m   Compiling[0m sync_wrapper v1.0.2
[1m[92m   Compiling[0m either v1.16.0
[1m[92m   Compiling[0m http-body v1.0.1
[1m[92m   Compiling[0m derive_more-impl v2.1.1
[1m[92m   Compiling[0m http-body-util v0.1.3
[1m[92m   Compiling[0m num-integer v0.1.46
[1m[92m   Compiling[0m icu_normalizer v2.2.0
[1m[92m   Compiling[0m crossbeam-epoch v0.9.18
[1m[92m   Compiling[0m num-bigint v0.4.6
[1m[92m   Compiling[0m nom v8.0.0
[1m[92m   Compiling[0m bstr v1.12.1
[1m[92m   Compiling[0m regex v1.12.4
[1m[92m   Compiling[0m time-macros v0.2.27
[1m[92m   Compiling[0m gherkin v0.16.0
[1m[92m   Compiling[0m serde_path_to_error v0.1.20
[1m[92m   Compiling[0m erased-serde v0.4.10
[1m[92m   Compiling[0m serde_urlencoded v0.7.1
[1m[92m   Compiling[0m chrono v0.4.45
[1m[92m   Compiling[0m num-rational v0.4.2
[1m[92m   Compiling[0m globset v0.4.18
[1m[92m   Compiling[0m idna_adapter v1.2.2
[1m[92m   Compiling[0m terminal_size v0.4.4
[1m[92m   Compiling[0m crossbeam-deque v0.8.6
[1m[92m   Compiling[0m num-iter v0.1.45
[1m[92m   Compiling[0m hyper v1.10.1
[1m[92m   Compiling[0m tower v0.5.3
[1m[92m   Compiling[0m axum-core v0.5.6
[1m[92m   Compiling[0m derive_more v2.1.1
[1m[92m   Compiling[0m num-complex v0.4.6
[1m[92m   Compiling[0m clap_builder v4.6.0
[1m[92m   Compiling[0m typetag v0.2.22
[1m[92m   Compiling[0m ignore v0.4.26
[1m[92m   Compiling[0m idna v1.1.0
[1m[92m   Compiling[0m num v0.4.3
[1m[92m   Compiling[0m time v0.3.47
[1m[92m   Compiling[0m email_address v0.2.9
[1m[92m   Compiling[0m futures-executor v0.3.32
[1m[92m   Compiling[0m hyper-util v0.1.20
[1m[92m   Compiling[0m nom_locate v5.0.0
[1m[92m   Compiling[0m cucumber-expressions v0.5.0
[1m[92m   Compiling[0m itertools v0.14.0
[1m[92m   Compiling[0m uuid v1.23.3
[1m[92m   Compiling[0m expect-json v1.11.0
[1m[92m   Compiling[0m futures v0.3.32
[1m[92m   Compiling[0m globwalk v0.9.1
[1m[92m   Compiling[0m url v2.5.8
[1m[92m   Compiling[0m rust-multipart-rfc7578_2 v0.9.0
[1m[92m   Compiling[0m console v0.16.3
[1m[92m   Compiling[0m smart-default v0.7.1
[1m[92m   Compiling[0m clap v4.6.1
[1m[92m   Compiling[0m axum v0.8.9
[1m[92m   Compiling[0m cookie v0.18.1
[1m[92m   Compiling[0m humantime v2.3.0
[1m[92m   Compiling[0m linked-hash-map v0.5.6
[1m[92m   Compiling[0m cucumber-codegen v0.23.0
[1m[92m   Compiling[0m cucumber v0.23.0
[1m[92m   Compiling[0m axum-test v20.1.0
[1m[92m   Compiling[0m agileplus v0.1.0 (/Users/kooshapari/CodeProjects/Phenotype/repos/AgilePlus)
[1m[92m    Finished[0m ]8;;https://doc.rust-lang.org/cargo/reference/profiles.html#default-profiles\`test` profile [unoptimized + debuginfo]]8;;\ target(s) in 3m 34s
[1m[92m  Executable[0m unittests src/lib.rs (target/debug/deps/agileplus-2c93a88cdfca7da4)
EXIT_CODE=0
