[1m[92m   Compiling[0m serde_core v1.0.228
[1m[92m   Compiling[0m serde v1.0.228
[1m[92m   Compiling[0m libc v0.2.186
[1m[92m    Checking[0m cfg-if v1.0.4
[1m[92m    Checking[0m memchr v2.8.0
[1m[92m   Compiling[0m anyhow v1.0.102
[1m[92m    Checking[0m itoa v1.0.18
[1m[92m   Compiling[0m syn v2.0.117
[1m[92m    Checking[0m once_cell v1.21.4
[1m[92m   Compiling[0m version_check v0.9.5
[1m[92m   Compiling[0m autocfg v1.5.0
[1m[92m    Checking[0m log v0.4.29
[1m[92m    Checking[0m pin-project-lite v0.2.17
[1m[92m    Checking[0m bitflags v2.11.1
[1m[92m   Compiling[0m generic-array v0.14.7
[1m[92m    Checking[0m foldhash v0.2.0
[1m[92m   Compiling[0m parking_lot_core v0.9.12
[1m[92m   Compiling[0m serde_json v1.0.149
[1m[92m    Checking[0m zmij v1.0.21
[1m[92m    Checking[0m bytes v1.11.1
[1m[92m    Checking[0m equivalent v1.0.2
[1m[92m    Checking[0m futures-core v0.3.32
[1m[92m    Checking[0m hashbrown v0.17.0
[1m[92m    Checking[0m core-foundation-sys v0.8.7
[1m[92m    Checking[0m subtle v2.6.1
[1m[92m    Checking[0m typenum v1.20.0
[1m[92m    Checking[0m futures-sink v0.3.32
[1m[92m    Checking[0m scopeguard v1.2.0
[1m[92m    Checking[0m tracing-core v0.1.36
[1m[92m   Compiling[0m find-msvc-tools v0.1.9
[1m[92m    Checking[0m lock_api v0.4.14
[1m[92m   Compiling[0m shlex v1.3.0
[1m[92m    Checking[0m slab v0.4.12
[1m[92m    Checking[0m futures-channel v0.3.32
[1m[92m   Compiling[0m num-traits v0.2.19
[1m[92m   Compiling[0m jobserver v0.1.34
[1m[92m   Compiling[0m thiserror v1.0.69
[1m[92m    Checking[0m fnv v1.0.7
[1m[92m    Checking[0m futures-io v0.3.32
[1m[92m    Checking[0m futures-task v0.3.32
[1m[92m    Checking[0m stable_deref_trait v1.2.1
[1m[92m    Checking[0m sha1_smol v1.0.1
[1m[92m   Compiling[0m rustix v1.1.4
[1m[92m    Checking[0m percent-encoding v2.3.2
[1m[92m   Compiling[0m cc v1.2.61
[1m[92m    Checking[0m http v1.4.0
[1m[92m    Checking[0m iana-time-zone v0.1.65
[1m[92m    Checking[0m ipnet v2.12.0
[1m[92m    Checking[0m errno v0.3.14
[1m[92m    Checking[0m getrandom v0.4.2
[1m[92m    Checking[0m signal-hook-registry v1.4.8
[1m[92m    Checking[0m mio v1.2.0
[1m[92m    Checking[0m socket2 v0.6.3
[1m[92m    Checking[0m getrandom v0.2.17
[1m[92m    Checking[0m base64 v0.22.1
[1m[92m    Checking[0m cpufeatures v0.2.17
[1m[92m    Checking[0m tower-service v0.3.3
[1m[92m    Checking[0m form_urlencoded v1.2.2
[1m[92m   Compiling[0m httparse v1.10.1
[1m[92m   Compiling[0m system-configuration-sys v0.6.0
[1m[92m    Checking[0m try-lock v0.2.5
[1m[92m    Checking[0m atomic-waker v1.1.2
[1m[92m    Checking[0m want v0.3.1
[1m[92m    Checking[0m core-foundation v0.9.4
[1m[92m    Checking[0m http-body v1.0.1
[1m[92m    Checking[0m writeable v0.6.3
[1m[92m    Checking[0m crypto-common v0.1.7
[1m[92m    Checking[0m block-buffer v0.10.4
[1m[92m    Checking[0m digest v0.10.7
[1m[92m    Checking[0m litemap v0.8.2
[1m[92m    Checking[0m tower-layer v0.3.3
[1m[92m    Checking[0m httpdate v1.0.3
[1m[92m   Compiling[0m icu_normalizer_data v2.2.0
[1m[92m   Compiling[0m icu_properties_data v2.2.0
[1m[92m    Checking[0m utf8_iter v1.0.4
[1m[92m    Checking[0m system-configuration v0.7.0
[1m[92m    Checking[0m sha2 v0.10.9
[1m[92m    Checking[0m http-body-util v0.1.3
[1m[92m    Checking[0m sync_wrapper v1.0.2
[1m[92m    Checking[0m ryu v1.0.23
[1m[92m    Checking[0m mime v0.3.17
[1m[92m    Checking[0m fastrand v2.4.1
[1m[92m   Compiling[0m zerocopy v0.8.48
[1m[92m    Checking[0m untrusted v0.9.0
[1m[92m    Checking[0m security-framework-sys v2.17.0
[1m[92m    Checking[0m core-foundation v0.10.1
[1m[92m   Compiling[0m ring v0.17.14
[1m[92m    Checking[0m encoding_rs v0.8.35
[1m[92m   Compiling[0m rustls v0.23.40
[1m[92m    Checking[0m indexmap v2.14.0
[1m[92m    Checking[0m uuid v1.23.1
[1m[92m    Checking[0m security-framework v3.7.0
[1m[92m   Compiling[0m native-tls v0.2.18
[1m[92m   Compiling[0m time-core v0.1.8
[1m[92m    Checking[0m powerfmt v0.2.0
[1m[92m   Compiling[0m num-conv v0.2.1
[1m[92m    Checking[0m deranged v0.5.8
[1m[92m    Checking[0m rand_core v0.6.4
[1m[92m    Checking[0m hex v0.4.3
[1m[92m   Compiling[0m heck v0.5.0
[1m[92m   Compiling[0m time-macros v0.2.27
[1m[92m    Checking[0m aho-corasick v1.1.4
[1m[92m    Checking[0m regex-syntax v0.8.10
[1m[92m   Compiling[0m rustversion v1.0.22
[1m[92m    Checking[0m tempfile v3.27.0
[1m[92m   Compiling[0m semver v1.0.28
[1m[92m   Compiling[0m either v1.15.0
[1m[92m    Checking[0m lazy_static v1.5.0
[1m[92m    Checking[0m num-integer v0.1.46
[1m[92m   Compiling[0m synstructure v0.13.2
[1m[92m    Checking[0m glob v0.3.3
